Archive member included to satisfy reference by file (symbol)

c:/program files (x86)/atmel/studio/7.0/toolchain/avr8/avr8-gnu-toolchain/bin/../lib/gcc/avr/5.4.0/../../../../avr/lib/avr5\libprintf_flt.a(vfprintf_flt.o)
                              (vfprintf)
c:/program files (x86)/atmel/studio/7.0/toolchain/avr8/avr8-gnu-toolchain/bin/../lib/gcc/avr/5.4.0/../../../../avr/lib/avr5\libm.a(addsf3.o)
                              Source/led_display.o (__addsf3)
c:/program files (x86)/atmel/studio/7.0/toolchain/avr8/avr8-gnu-toolchain/bin/../lib/gcc/avr/5.4.0/../../../../avr/lib/avr5\libm.a(addsf3x.o)
                              c:/program files (x86)/atmel/studio/7.0/toolchain/avr8/avr8-gnu-toolchain/bin/../lib/gcc/avr/5.4.0/../../../../avr/lib/avr5\libm.a(addsf3.o) (__addsf3x)
c:/program files (x86)/atmel/studio/7.0/toolchain/avr8/avr8-gnu-toolchain/bin/../lib/gcc/avr/5.4.0/../../../../avr/lib/avr5\libm.a(cmpsf2.o)
                              Source/led_display.o (__eqsf2)
c:/program files (x86)/atmel/studio/7.0/toolchain/avr8/avr8-gnu-toolchain/bin/../lib/gcc/avr/5.4.0/../../../../avr/lib/avr5\libm.a(divsf3.o)
                              Source/protocol.o (__divsf3)
c:/program files (x86)/atmel/studio/7.0/toolchain/avr8/avr8-gnu-toolchain/bin/../lib/gcc/avr/5.4.0/../../../../avr/lib/avr5\libm.a(divsf3x.o)
                              c:/program files (x86)/atmel/studio/7.0/toolchain/avr8/avr8-gnu-toolchain/bin/../lib/gcc/avr/5.4.0/../../../../avr/lib/avr5\libm.a(divsf3.o) (__divsf3x)
c:/program files (x86)/atmel/studio/7.0/toolchain/avr8/avr8-gnu-toolchain/bin/../lib/gcc/avr/5.4.0/../../../../avr/lib/avr5\libm.a(fixunssfsi.o)
                              Source/protocol.o (__fixunssfsi)
c:/program files (x86)/atmel/studio/7.0/toolchain/avr8/avr8-gnu-toolchain/bin/../lib/gcc/avr/5.4.0/../../../../avr/lib/avr5\libm.a(floatsisf.o)
                              Source/protocol.o (__floatunsisf)
c:/program files (x86)/atmel/studio/7.0/toolchain/avr8/avr8-gnu-toolchain/bin/../lib/gcc/avr/5.4.0/../../../../avr/lib/avr5\libm.a(floor.o)
                              Source/protocol.o (floor)
c:/program files (x86)/atmel/studio/7.0/toolchain/avr8/avr8-gnu-toolchain/bin/../lib/gcc/avr/5.4.0/../../../../avr/lib/avr5\libm.a(fp_cmp.o)
                              c:/program files (x86)/atmel/studio/7.0/toolchain/avr8/avr8-gnu-toolchain/bin/../lib/gcc/avr/5.4.0/../../../../avr/lib/avr5\libm.a(cmpsf2.o) (__fp_cmp)
c:/program files (x86)/atmel/studio/7.0/toolchain/avr8/avr8-gnu-toolchain/bin/../lib/gcc/avr/5.4.0/../../../../avr/lib/avr5\libm.a(fp_inf.o)
                              c:/program files (x86)/atmel/studio/7.0/toolchain/avr8/avr8-gnu-toolchain/bin/../lib/gcc/avr/5.4.0/../../../../avr/lib/avr5\libm.a(addsf3x.o) (__fp_inf)
c:/program files (x86)/atmel/studio/7.0/toolchain/avr8/avr8-gnu-toolchain/bin/../lib/gcc/avr/5.4.0/../../../../avr/lib/avr5\libm.a(fp_mintl.o)
                              c:/program files (x86)/atmel/studio/7.0/toolchain/avr8/avr8-gnu-toolchain/bin/../lib/gcc/avr/5.4.0/../../../../avr/lib/avr5\libm.a(floor.o) (__fp_mintl)
c:/program files (x86)/atmel/studio/7.0/toolchain/avr8/avr8-gnu-toolchain/bin/../lib/gcc/avr/5.4.0/../../../../avr/lib/avr5\libm.a(fp_mpack.o)
                              c:/program files (x86)/atmel/studio/7.0/toolchain/avr8/avr8-gnu-toolchain/bin/../lib/gcc/avr/5.4.0/../../../../avr/lib/avr5\libm.a(floor.o) (__fp_mpack)
c:/program files (x86)/atmel/studio/7.0/toolchain/avr8/avr8-gnu-toolchain/bin/../lib/gcc/avr/5.4.0/../../../../avr/lib/avr5\libm.a(fp_nan.o)
                              c:/program files (x86)/atmel/studio/7.0/toolchain/avr8/avr8-gnu-toolchain/bin/../lib/gcc/avr/5.4.0/../../../../avr/lib/avr5\libm.a(addsf3x.o) (__fp_nan)
c:/program files (x86)/atmel/studio/7.0/toolchain/avr8/avr8-gnu-toolchain/bin/../lib/gcc/avr/5.4.0/../../../../avr/lib/avr5\libm.a(fp_pscA.o)
                              c:/program files (x86)/atmel/studio/7.0/toolchain/avr8/avr8-gnu-toolchain/bin/../lib/gcc/avr/5.4.0/../../../../avr/lib/avr5\libm.a(addsf3x.o) (__fp_pscA)
c:/program files (x86)/atmel/studio/7.0/toolchain/avr8/avr8-gnu-toolchain/bin/../lib/gcc/avr/5.4.0/../../../../avr/lib/avr5\libm.a(fp_pscB.o)
                              c:/program files (x86)/atmel/studio/7.0/toolchain/avr8/avr8-gnu-toolchain/bin/../lib/gcc/avr/5.4.0/../../../../avr/lib/avr5\libm.a(addsf3x.o) (__fp_pscB)
c:/program files (x86)/atmel/studio/7.0/toolchain/avr8/avr8-gnu-toolchain/bin/../lib/gcc/avr/5.4.0/../../../../avr/lib/avr5\libm.a(fp_round.o)
                              c:/program files (x86)/atmel/studio/7.0/toolchain/avr8/avr8-gnu-toolchain/bin/../lib/gcc/avr/5.4.0/../../../../avr/lib/avr5\libm.a(addsf3.o) (__fp_round)
c:/program files (x86)/atmel/studio/7.0/toolchain/avr8/avr8-gnu-toolchain/bin/../lib/gcc/avr/5.4.0/../../../../avr/lib/avr5\libm.a(fp_split3.o)
[...]
Memory Configuration

Name             Origin             Length             Attributes
text             0x00000000         0x00020000         xr
data             0x00800060         0x0000ffa0         rw !x
eeprom           0x00810000         0x00010000         rw !x
fuse             0x00820000         0x00000400         rw !x
lock             0x00830000         0x00000400         rw !x
signature        0x00840000         0x00000400         rw !x
user_signatures  0x00850000         0x00000400         rw !x
*default*        0x00000000         0xffffffff

Linker script and memory map

Address of section .data set to 0x800100
LOAD C:/Program Files (x86)/Atmel/Studio/7.0/Packs/atmel/ATmega_DFP/1.0.106/gcc/dev/atmega328p/avr5/crtatmega328p.o
LOAD Source/dhcp_client.o
LOAD Source/DHT.o
LOAD Source/dnslkup.o
LOAD Source/i2csoft.o
LOAD Source/led_display.o
LOAD Source/main.o
LOAD Source/enc28j60.o
LOAD Source/ip_arp_udp_tcp.o
LOAD Source/OWIcrc.o
LOAD Source/OWIHighLevelFunctions.o
LOAD Source/OWISWBitFunctions.o
LOAD Source/protocol.o
LOAD Source/task_config.o
LOAD Source/term.o
LOAD Source/VirtualWire.o
START GROUP
LOAD c:/program files (x86)/atmel/studio/7.0/toolchain/avr8/avr8-gnu-toolchain/bin/../lib/gcc/avr/5.4.0/../../../../avr/lib/avr5\libprintf_flt.a
END GROUP
LOAD c:/program files (x86)/atmel/studio/7.0/toolchain/avr8/avr8-gnu-toolchain/bin/../lib/gcc/avr/5.4.0/../../../../avr/lib/avr5\libprintf_flt.a
LOAD c:/program files (x86)/atmel/studio/7.0/toolchain/avr8/avr8-gnu-toolchain/bin/../lib/gcc/avr/5.4.0/../../../../avr/lib/avr5\libm.a
START GROUP
LOAD c:/program files (x86)/atmel/studio/7.0/toolchain/avr8/avr8-gnu-toolchain/bin/../lib/gcc/avr/5.4.0/avr5\libgcc.a
LOAD c:/program files (x86)/atmel/studio/7.0/toolchain/avr8/avr8-gnu-toolchain/bin/../lib/gcc/avr/5.4.0/../../../../avr/lib/avr5\libm.a
LOAD c:/program files (x86)/atmel/studio/7.0/toolchain/avr8/avr8-gnu-toolchain/bin/../lib/gcc/avr/5.4.0/../../../../avr/lib/avr5\libc.a
LOAD C:/Program Files (x86)/Atmel/Studio/7.0/Packs/atmel/ATmega_DFP/1.0.106/gcc/dev/atmega328p/avr5\libatmega328p.a
END GROUP
                0x00020000                __TEXT_REGION_LENGTH__ = DEFINED (__TEXT_REGION_LENGTH__)?__TEXT_REGION_LENGTH__:0x20000
                0x0000ffa0                __DATA_REGION_LENGTH__ = DEFINED (__DATA_REGION_LENGTH__)?__DATA_REGION_LENGTH__:0xffa0
                0x00010000                __EEPROM_REGION_LENGTH__ = DEFINED (__EEPROM_REGION_LENGTH__)?__EEPROM_REGION_LENGTH__:0x10000
                0x00000400                __FUSE_REGION_LENGTH__ = DEFINED (__FUSE_REGION_LENGTH__)?__FUSE_REGION_LENGTH__:0x400
                0x00000400                __LOCK_REGION_LENGTH__ = DEFINED (__LOCK_REGION_LENGTH__)?__LOCK_REGION_LENGTH__:0x400
                0x00000400                __SIGNATURE_REGION_LENGTH__ = DEFINED (__SIGNATURE_REGION_LENGTH__)?__SIGNATURE_REGION_LENGTH__:0x400
                0x00000400                __USER_SIGNATURE_REGION_LENGTH__ = DEFINED (__USER_SIGNATURE_REGION_LENGTH__)?__USER_SIGNATURE_REGION_LENGTH__:0x400

.hash
 *(.hash)

.dynsym
 *(.dynsym)

.dynstr
 *(.dynstr)

.gnu.version
 *(.gnu.version)

.gnu.version_d
 *(.gnu.version_d)

.gnu.version_r
 *(.gnu.version_r)

.rel.init
 *(.rel.init)

.rela.init
 *(.rela.init)

.rel.text
 *(.rel.text)
 *(.rel.text.*)
 *(.rel.gnu.linkonce.t*)

.rela.text
 *(.rela.text)
 *(.rela.text.*)
 *(.rela.gnu.linkonce.t*)

.rel.fini
 *(.rel.fini)

.rela.fini
 *(.rela.fini)

.rel.rodata
 *(.rel.rodata)
 *(.rel.rodata.*)
 *(.rel.gnu.linkonce.r*)

.rela.rodata
 *(.rela.rodata)
 *(.rela.rodata.*)
 *(.rela.gnu.linkonce.r*)

.rel.data
 *(.rel.data)
 *(.rel.data.*)
 *(.rel.gnu.linkonce.d*)

.rela.data
 *(.rela.data)
 *(.rela.data.*)
 *(.rela.gnu.linkonce.d*)

.rel.ctors
 *(.rel.ctors)

.rela.ctors
 *(.rela.ctors)

.rel.dtors
 *(.rel.dtors)

.rela.dtors
 *(.rela.dtors)

.rel.got
 *(.rel.got)

.rela.got
 *(.rela.got)

.rel.bss
 *(.rel.bss)

.rela.bss
 *(.rela.bss)

.rel.plt
 *(.rel.plt)

.rela.plt
 *(.rela.plt)

.text           0x00000000     0x7382
 *(.vectors)
 .vectors       0x00000000       0x68 C:/Program Files (x86)/Atmel/Studio/7.0/Packs/atmel/ATmega_DFP/1.0.106/gcc/dev/atmega328p/avr5/crtatmega328p.o
                0x00000000                __vector_default
                0x00000000                __vectors
 *(.vectors)
 *(.progmem.gcc*)
 .progmem.gcc_sw_table.Val_to_LED_BUF
                0x00000068       0x12 Source/led_display.o
                0x0000007a                . = ALIGN (0x2)
                0x0000007a                __trampolines_start = .
 *(.trampolines)
 .trampolines   0x0000007a        0x0 linker stubs
 *(.trampolines*)
                0x0000007a                __trampolines_end = .
 *libprintf_flt.a:*(.progmem.data)
 .progmem.data  0x0000007a        0x8 c:/program files (x86)/atmel/studio/7.0/toolchain/avr8/avr8-gnu-toolchain/bin/../lib/gcc/avr/5.4.0/../../../../avr/lib/avr5\libprintf_flt.a(vfprintf_flt.o)
 *libc.a:*(.progmem.data)
 .progmem.data  0x00000082       0xfa c:/program files (x86)/atmel/studio/7.0/toolchain/avr8/avr8-gnu-toolchain/bin/../lib/gcc/avr/5.4.0/../../../../avr/lib/avr5\libc.a(ftoa_engine.o)
 .progmem.data  0x0000017c       0x3b c:/program files (x86)/atmel/studio/7.0/toolchain/avr8/avr8-gnu-toolchain/bin/../lib/gcc/avr/5.4.0/../../../../avr/lib/avr5\libc.a(strtod.o)
 *(.progmem*)
 .progmem.data.__c.2479
                0x000001b7       0x36 Source/ip_arp_udp_tcp.o
 .progmem.data.__c.2477
                0x000001ed       0x11 Source/ip_arp_udp_tcp.o
 .progmem.data.__c.2475
                0x000001fe       0x25 Source/ip_arp_udp_tcp.o
 .progmem.data.__c.2473
                0x00000223        0x3 Source/ip_arp_udp_tcp.o
 .progmem.data.__c.2471
                0x00000226       0x12 Source/ip_arp_udp_tcp.o
 .progmem.data.__c.2469
                0x00000238        0x6 Source/ip_arp_udp_tcp.o
 .progmem.data.__c.2467
                0x0000023e       0x2d Source/ip_arp_udp_tcp.o
 .progmem.data.__c.2465
                0x0000026b       0x12 Source/ip_arp_udp_tcp.o
 .progmem.data.__c.2463
                0x0000027d        0x5 Source/ip_arp_udp_tcp.o
 .progmem.data.arpreqhdr
                0x00000282        0x8 Source/ip_arp_udp_tcp.o
                0x00000282                arpreqhdr
 .progmem.data.iphdr
                0x0000028a        0x9 Source/ip_arp_udp_tcp.o
                0x0000028a                iphdr
 .progmem.data.__c.3504
                0x00000293        0xc Source/protocol.o
 .progmem.data.__c.3502
                0x0000029f       0x3a Source/protocol.o
 .progmem.data.__c.3500
                0x000002d9        0x3 Source/protocol.o
 .progmem.data.__c.3498
                0x000002dc        0x5 Source/protocol.o
 .progmem.data.__c.3496
                0x000002e1        0x3 Source/protocol.o
 .progmem.data.__c.3494
                0x000002e4        0x3 Source/protocol.o
 .progmem.data.__c.3492
                0x000002e7        0x3 Source/protocol.o
 .progmem.data.__c.3490
                0x000002ea        0x5 Source/protocol.o
 .progmem.data.__c.3488
                0x000002ef        0x5 Source/protocol.o
 .progmem.data.__c.3486
                0x000002f4        0x5 Source/protocol.o
 .progmem.data.__c.3484
                0x000002f9        0x5 Source/protocol.o
 .progmem.data.__c.3482
                0x000002fe        0x3 Source/protocol.o
 .progmem.data.__c.3480
                0x00000301        0x5 Source/protocol.o
 .progmem.data.__c.3478
                0x00000306        0x4 Source/protocol.o
 .progmem.data.__c.3476
                0x0000030a       0x45 Source/protocol.o
 .progmem.data.__c.3474
                0x0000034f        0x3 Source/protocol.o
 .progmem.data.__c.3472
                0x00000352       0x45 Source/protocol.o
 .progmem.data.__c.3470
                0x00000397        0x4 Source/protocol.o
 .progmem.data.__c.3468
                0x0000039b        0x5 Source/protocol.o
 .progmem.data.__c.3466
                0x000003a0        0x4 Source/protocol.o
 .progmem.data.__c.3464
                0x000003a4        0x5 Source/protocol.o
 .progmem.data.__c.3462
                0x000003a9        0xc Source/protocol.o
 .progmem.data.__c.3460
                0x000003b5        0x3 Source/protocol.o
 .progmem.data.__c.3457
                0x000003b8        0x6 Source/protocol.o
 .progmem.data.__c.3455
                0x000003be        0x5 Source/protocol.o
 .progmem.data.__c.3453
                0x000003c3        0x5 Source/protocol.o
 .progmem.data.__c.3451
                0x000003c8        0x5 Source/protocol.o
 .progmem.data.__c.3449
                0x000003cd        0x5 Source/protocol.o
 .progmem.data.__c.3447
                0x000003d2        0x5 Source/protocol.o
 .progmem.data.__c.3442
                0x000003d7        0x4 Source/protocol.o
 .progmem.data.__c.3440
                0x000003db       0x22 Source/protocol.o
 .progmem.data.__c.3437
                0x000003fd       0x19 Source/protocol.o
 .progmem.data.__c.3435
                0x00000416        0x4 Source/protocol.o
 .progmem.data.__c.3421
                0x0000041a        0xf Source/protocol.o
 .progmem.data.__c.3419
                0x00000429        0x2 Source/protocol.o
 .progmem.data.__c.3417
                0x0000042b        0x2 Source/protocol.o
 .progmem.data.__c.3415
                0x0000042d        0x7 Source/protocol.o
 .progmem.data.__c.3413
                0x00000434        0x9 Source/protocol.o
 .progmem.data.__c.3411
                0x0000043d       0x3f Source/protocol.o
 .progmem.data.__c.3406
                0x0000047c        0x3 Source/protocol.o
 .progmem.data.__c.3404
                0x0000047f        0x5 Source/protocol.o
 .progmem.data.__c.3399
                0x00000484        0x2 Source/protocol.o
 .progmem.data.__c.3397
                0x00000486        0x4 Source/protocol.o
 .progmem.data.__c.3395
                0x0000048a       0x7c Source/protocol.o
 .progmem.data.__c.3378
                0x00000506        0x9 Source/protocol.o
 .progmem.data.__c.3376
                0x0000050f        0xc Source/protocol.o
 .progmem.data.__c.3374
                0x0000051b        0x6 Source/protocol.o
 .progmem.data.__c.3372
                0x00000521       0x12 Source/protocol.o
 .progmem.data.__c.3370
                0x00000533       0x29 Source/protocol.o
 .progmem.data.__c.3361
                0x0000055c        0x4 Source/protocol.o
 .progmem.data.__c.3363
                0x00000560        0x5 Source/protocol.o
 .progmem.data.__c.3357
                0x00000565        0x5 Source/protocol.o
 .progmem.data.__c.3359
                0x0000056a        0x7 Source/protocol.o
 .progmem.data.__c.3353
                0x00000571        0x6 Source/protocol.o
 .progmem.data.__c.3355
                0x00000577        0x9 Source/protocol.o
 .progmem.data.__c.3349
                0x00000580        0x6 Source/protocol.o
 .progmem.data.__c.3351
                0x00000586        0x9 Source/protocol.o
 .progmem.data.__c.3345
                0x0000058f        0x4 Source/protocol.o
 .progmem.data.__c.3347
                0x00000593        0x9 Source/protocol.o
 .progmem.data.__c.3341
                0x0000059c        0x4 Source/protocol.o
 .progmem.data.__c.3343
                0x000005a0        0x7 Source/protocol.o
 .progmem.data.__c.3335
                0x000005a7        0x9 Source/protocol.o
 .progmem.data.__c.3333
                0x000005b0        0xc Source/protocol.o
 .progmem.data.__c.3331
                0x000005bc        0x5 Source/protocol.o
 .progmem.data.__c.3329
                0x000005c1        0xa Source/protocol.o
 .progmem.data.__c.3320
                0x000005cb       0x30 Source/protocol.o
 .progmem.data.__c.3318
                0x000005fb       0x24 Source/protocol.o
 .progmem.data.__c.3316
                0x0000061f       0x23 Source/protocol.o
 .progmem.data.__c.3314
                0x00000642       0x13 Source/protocol.o
 .progmem.data.__c.3308
                0x00000655        0xf Source/protocol.o
 .progmem.data.__c.3310
                0x00000664        0x3 Source/protocol.o
 .progmem.data.__c.3312
                0x00000667       0x16 Source/protocol.o
 .progmem.data.__c.3306
                0x0000067d        0x6 Source/protocol.o
 .progmem.data.__c.3300
                0x00000683       0x23 Source/protocol.o
 .progmem.data.__c.3302
                0x000006a6        0x3 Source/protocol.o
 .progmem.data.__c.3304
                0x000006a9        0xe Source/protocol.o
 .progmem.data.__c.3298
                0x000006b7        0x9 Source/protocol.o
 .progmem.data.__c.3296
                0x000006c0       0x25 Source/protocol.o
 .progmem.data.__c.3294
                0x000006e5       0x21 Source/protocol.o
 .progmem.data.__c.3292
                0x00000706        0x8 Source/protocol.o
 .progmem.data.__c.3290
                0x0000070e       0x12 Source/protocol.o
 .progmem.data.__c.3288
                0x00000720       0x4e Source/protocol.o
 .progmem.data.__c.3286
                0x0000076e        0x7 Source/protocol.o
 .progmem.data.__c.3278
                0x00000775        0xc Source/protocol.o
 .progmem.data.__c.3276
                0x00000781       0x26 Source/protocol.o
 .progmem.data.__c.3270
                0x000007a7       0x21 Source/protocol.o
 .progmem.data.__c.3264
                0x000007c8        0x9 Source/protocol.o
 .progmem.data.__c.3262
                0x000007d1        0xa Source/protocol.o
 .progmem.data.__c.3260
                0x000007db       0x8b Source/protocol.o
 .progmem.data.__c.3253
                0x00000866       0x6a Source/protocol.o
 .progmem.data.__c.3247
                0x000008d0        0x9 Source/protocol.o
 .progmem.data.__c.3245
                0x000008d9       0x37 Source/protocol.o
 .progmem.data.__c.3243
                0x00000910       0x2d Source/protocol.o
 .progmem.data.__c.3238
                0x0000093d        0xa Source/protocol.o
 .progmem.data.__c.3236
                0x00000947        0x2 Source/protocol.o
 .progmem.data.__c.3234
                0x00000949        0xa Source/protocol.o
 .progmem.data.__c.3232
                0x00000953        0xf Source/protocol.o
 .progmem.data.__c.3226
                0x00000962        0xd Source/protocol.o
 .progmem.data.__c.3228
                0x0000096f        0x5 Source/protocol.o
 .progmem.data.__c.3230
                0x00000974       0x21 Source/protocol.o
 .progmem.data.__c.3220
                0x00000995        0xd Source/protocol.o
 .progmem.data.__c.3222
                0x000009a2        0x5 Source/protocol.o
 .progmem.data.__c.3224
                0x000009a7        0x1 Source/protocol.o
 .progmem.data.__c.3214
                0x000009a8        0x1 Source/protocol.o
 .progmem.data.__c.3216
                0x000009a9        0x5 Source/protocol.o
 .progmem.data.__c.3218
                0x000009ae        0xe Source/protocol.o
 .progmem.data.__c.3212
                0x000009bc       0x21 Source/protocol.o
 .progmem.data.__c.3210
                0x000009dd        0x9 Source/protocol.o
 .progmem.data.__c.3208
                0x000009e6       0x1d Source/protocol.o
 .progmem.data.__c.3206
                0x00000a03       0x12 Source/protocol.o
 .progmem.data.__c.3198
                0x00000a15       0x3c Source/protocol.o
 .progmem.data.__c.3196
                0x00000a51       0x2d Source/protocol.o
 .progmem.data.__c.3194
                0x00000a7e        0x9 Source/protocol.o
 .progmem.data.__c.3192
                0x00000a87       0x21 Source/protocol.o
 .progmem.data.__c.3186
                0x00000aa8        0x1 Source/protocol.o
 .progmem.data.__c.3188
                0x00000aa9        0x2 Source/protocol.o
 .progmem.data.__c.3190
                0x00000aab        0x1 Source/protocol.o
 .progmem.data.__c.3180
                0x00000aac        0x1 Source/protocol.o
 .progmem.data.__c.3182
                0x00000aad        0x2 Source/protocol.o
 .progmem.data.__c.3184
                0x00000aaf        0xa Source/protocol.o
 .progmem.data.__c.3174
                0x00000ab9        0x1 Source/protocol.o
 .progmem.data.__c.3176
                0x00000aba        0x2 Source/protocol.o
 .progmem.data.__c.3178
                0x00000abc        0xa Source/protocol.o
 .progmem.data.__c.3168
                0x00000ac6        0x1 Source/protocol.o
 .progmem.data.__c.3170
                0x00000ac7        0x2 Source/protocol.o
 .progmem.data.__c.3172
                0x00000ac9        0xa Source/protocol.o
 .progmem.data.__c.3166
                0x00000ad3       0x1e Source/protocol.o
 .progmem.data.__c.3160
                0x00000af1        0x6 Source/protocol.o
 .progmem.data.__c.3162
                0x00000af7        0x2 Source/protocol.o
 .progmem.data.__c.3164
                0x00000af9        0xa Source/protocol.o
 .progmem.data.__c.3158
                0x00000b03       0x17 Source/protocol.o
 .progmem.data.__c.3156
                0x00000b1a        0xc Source/protocol.o
 .progmem.data.__c.3150
                0x00000b26       0x13 Source/protocol.o
 .progmem.data.__c.3148
                0x00000b39        0xa Source/protocol.o
 .progmem.data.__c.3146
                0x00000b43       0x21 Source/protocol.o
 .progmem.data.__c.3144
                0x00000b64        0xa Source/protocol.o
 .progmem.data.__c.3142
                0x00000b6e       0x15 Source/protocol.o
 .progmem.data.__c.3140
                0x00000b83        0xa Source/protocol.o
 .progmem.data.__c.3138
                0x00000b8d       0x16 Source/protocol.o
 .progmem.data.__c.3136
                0x00000ba3       0x45 Source/protocol.o
 .progmem.data.__c.3130
                0x00000be8        0x3 Source/protocol.o
 .progmem.data.__c.3127
                0x00000beb        0x3 Source/protocol.o
 .progmem.data.__c.3125
                0x00000bee        0x6 Source/protocol.o
 .progmem.data.__c.3122
                0x00000bf4        0x2 Source/protocol.o
 .progmem.data.__c.3120
                0x00000bf6        0x6 Source/protocol.o
 .progmem.data.__c.3116
                0x00000bfc        0x7 Source/protocol.o
 .progmem.data.__c.3114
                0x00000c03        0x6 Source/protocol.o
 .progmem.data.__c.3103
                0x00000c09        0x3 Source/protocol.o
 .progmem.data.__c.3101
                0x00000c0c        0x9 Source/protocol.o
 .progmem.data.__c.3099
                0x00000c15       0x17 Source/protocol.o
 .progmem.data.__c.3088
                0x00000c2c       0x38 Source/protocol.o
 .progmem.data.__c.3082
                0x00000c64       0x37 Source/protocol.o
 .progmem.data.__c.3077
                0x00000c9b       0x3f Source/protocol.o
 .progmem.data.__c.2680
                0x00000cda        0x3 Source/task_config.o
 .progmem.data.__c.2678
                0x00000cdd        0x8 Source/task_config.o
 .progmem.data.__c.2676
                0x00000ce5       0x1e Source/task_config.o
 .progmem.data.__c.2674
                0x00000d03       0x1e Source/task_config.o
 .progmem.data.__c.2672
                0x00000d21       0x10 Source/task_config.o
 .progmem.data.__c.2670
                0x00000d31        0xf Source/task_config.o
 .progmem.data.__c.2668
                0x00000d40        0xa Source/task_config.o
 .progmem.data.__c.2666
                0x00000d4a        0xc Source/task_config.o
                0x00000d56                . = ALIGN (0x2)
 *(.jumptables)
 *(.jumptables*)
 *(.lowtext)
 *(.lowtext*)
                0x00000d56                __ctors_start = .
 *(.ctors)
                0x00000d56                __ctors_end = .
                0x00000d56                __dtors_start = .
 *(.dtors)
                0x00000d56                __dtors_end = .
 SORT(*)(.ctors)
 SORT(*)(.dtors)
 *(.init0)
 .init0         0x00000d56        0x0 C:/Program Files (x86)/Atmel/Studio/7.0/Packs/atmel/ATmega_DFP/1.0.106/gcc/dev/atmega328p/avr5/crtatmega328p.o
                0x00000d56                __init
 *(.init0)
 *(.init1)
 *(.init1)
 *(.init2)
 .init2         0x00000d56        0xc C:/Program Files (x86)/Atmel/Studio/7.0/Packs/atmel/ATmega_DFP/1.0.106/gcc/dev/atmega328p/avr5/crtatmega328p.o
 *(.init2)
 *(.init3)
 *(.init3)
 *(.init4)
 .init4         0x00000d62       0x16 c:/program files (x86)/atmel/studio/7.0/toolchain/avr8/avr8-gnu-toolchain/bin/../lib/gcc/avr/5.4.0/avr5\libgcc.a(_copy_data.o)
                0x00000d62                __do_copy_data
 .init4         0x00000d78       0x10 c:/program files (x86)/atmel/studio/7.0/toolchain/avr8/avr8-gnu-toolchain/bin/../lib/gcc/avr/5.4.0/avr5\libgcc.a(_clear_bss.o)
                0x00000d78                __do_clear_bss
 *(.init4)
 *(.init5)
 *(.init5)
 *(.init6)
 *(.init6)
 *(.init7)
 *(.init7)
 *(.init8)
 *(.init8)
 *(.init9)
 .init9         0x00000d88        0x6 C:/Program Files (x86)/Atmel/Studio/7.0/Packs/atmel/ATmega_DFP/1.0.106/gcc/dev/atmega328p/avr5/crtatmega328p.o
 *(.init9)
 *(.text)
 .text          0x00000d8e        0x2 C:/Program Files (x86)/Atmel/Studio/7.0/Packs/atmel/ATmega_DFP/1.0.106/gcc/dev/atmega328p/avr5/crtatmega328p.o
                0x00000d8e                __vector_22
                0x00000d8e                __vector_1
                0x00000d8e                __vector_24
                0x00000d8e                __vector_12
                0x00000d8e                __bad_interrupt
                0x00000d8e                __vector_6
                0x00000d8e                __vector_3
                0x00000d8e                __vector_23
                0x00000d8e                __vector_25
                0x00000d8e                __vector_11
                0x00000d8e                __vector_13
                0x00000d8e                __vector_17
                0x00000d8e                __vector_19
                0x00000d8e                __vector_5
                0x00000d8e                __vector_4
                0x00000d8e                __vector_9
                0x00000d8e                __vector_2
                0x00000d8e                __vector_21
                0x00000d8e                __vector_15
                0x00000d8e                __vector_8
                0x00000d8e                __vector_10
                0x00000d8e                __vector_16
                0x00000d8e                __vector_18
                0x00000d8e                __vector_20
                0x00000d90                . = ALIGN (0x2)
 *(.text.*)
 .text.dhcp_6sec_tick
                0x00000d90        0xc Source/dhcp_client.o
                0x00000d90                dhcp_6sec_tick
 .text.make_dhcp_message_template
                0x00000d9c       0xcc Source/dhcp_client.o
                0x00000d9c                make_dhcp_message_template
 .text.send_dhcp_discover
                0x00000e68       0x4e Source/dhcp_client.o
                0x00000e68                send_dhcp_discover
 .text.dhcp_get_message_type
                0x00000eb6       0x4c Source/dhcp_client.o
                0x00000eb6                dhcp_get_message_type
 .text.dhcp_get_yiaddr
                0x00000f02       0x30 Source/dhcp_client.o
                0x00000f02                dhcp_get_yiaddr
 .text.is_dhcp_msg_for_me
                0x00000f32       0x26 Source/dhcp_client.o
                0x00000f32                is_dhcp_msg_for_me
 .text.dhcp_is_renew_tid
                0x00000f58       0x16 Source/dhcp_client.o
                0x00000f58                dhcp_is_renew_tid
 .text.dhcp_option_parser
                0x00000f6e      0x184 Source/dhcp_client.o
                0x00000f6e                dhcp_option_parser
 .text.send_dhcp_request
                0x000010f2       0xd4 Source/dhcp_client.o
                0x000010f2                send_dhcp_request
 .text.send_dhcp_renew_request
                0x000011c6       0x5e Source/dhcp_client.o
                0x000011c6                send_dhcp_renew_request
 .text.packetloop_dhcp_initial_ip_assignment
                0x00001224       0xfa Source/dhcp_client.o
                0x00001224                packetloop_dhcp_initial_ip_assignment
 .text.dhcp_get_my_ip
                0x0000131e       0x68 Source/dhcp_client.o
                0x0000131e                dhcp_get_my_ip
 .text.packetloop_dhcp_renewhandler
                0x00001386       0xa6 Source/dhcp_client.o
                0x00001386                packetloop_dhcp_renewhandler
 .text.READBITDHT
                0x0000142c       0x24 Source/DHT.o
                0x0000142c                READBITDHT
 .text.DHT_DetectPresence
                0x00001450       0x60 Source/DHT.o
                0x00001450                DHT_DetectPresence
 .text.DHT_Read_byte
                0x000014b0       0x94 Source/DHT.o
                0x000014b0                DHT_Read_byte
 .text.ReadDHT  0x00001544       0xf2 Source/DHT.o
                0x00001544                ReadDHT
 .text.dnslkup_haveanswer
                0x00001636        0x6 Source/dnslkup.o
                0x00001636                dnslkup_haveanswer
 .text.dnslkup_get_ip
                0x0000163c       0x16 Source/dnslkup.o
                0x0000163c                dnslkup_get_ip
 .text.dnslkup_request
                0x00001652       0xfe Source/dnslkup.o
                0x00001652                dnslkup_request
 .text.udp_client_check_for_dns_answer
                0x00001750       0xe4 Source/dnslkup.o
                0x00001750                udp_client_check_for_dns_answer
 .text.shiftOut
                0x00001834       0x8c Source/led_display.o
                0x00001834                shiftOut
 .text.WriteLedBuffSegment
                0x000018c0       0x28 Source/led_display.o
                0x000018c0                WriteLedBuffSegment
 .text.Val_to_LED_BUF
                0x000018e8      0x136 Source/led_display.o
                0x000018e8                Val_to_LED_BUF
 .text.Send_Buff_to_LED
                0x00001a1e       0x4a Source/led_display.o
                0x00001a1e                Send_Buff_to_LED
 .text.startup.main
                0x00001a68      0x15e Source/main.o
                0x00001a68                main
 .text.enc28j60ReadOp
                0x00001bc6       0x2c Source/enc28j60.o
                0x00001bc6                enc28j60ReadOp
 .text.enc28j60WriteOp
                0x00001bf2       0x1a Source/enc28j60.o
                0x00001bf2                enc28j60WriteOp
 .text.enc28j60ReadBuffer
                0x00001c0c       0x2c Source/enc28j60.o
                0x00001c0c                enc28j60ReadBuffer
 .text.enc28j60WriteBuffer
                0x00001c38       0x2a Source/enc28j60.o
                0x00001c38                enc28j60WriteBuffer
 .text.enc28j60SetBank
                0x00001c62       0x40 Source/enc28j60.o
                0x00001c62                enc28j60SetBank
 .text.enc28j60Read
                0x00001ca2        0xe Source/enc28j60.o
                0x00001ca2                enc28j60Read
 .text.enc28j60Write
                0x00001cb0       0x16 Source/enc28j60.o
                0x00001cb0                enc28j60Write
 .text.enc28j60PhyRead
                0x00001cc6       0x38 Source/enc28j60.o
                0x00001cc6                enc28j60PhyRead
 .text.enc28j60PhyWrite
                0x00001cfe       0x32 Source/enc28j60.o
                0x00001cfe                enc28j60PhyWrite
 .text.enc28j60Init
                0x00001d30      0x108 Source/enc28j60.o
                0x00001d30                enc28j60Init
 .text.enc28j60EnableBroadcast
                0x00001e38        0xc Source/enc28j60.o
                0x00001e38                enc28j60EnableBroadcast
 .text.enc28j60DisableBroadcast
                0x00001e44        0xc Source/enc28j60.o
                0x00001e44                enc28j60DisableBroadcast
 .text.enc28j60linkup
                0x00001e50        0xc Source/enc28j60.o
                0x00001e50                enc28j60linkup
 .text.enc28j60PacketSend
                0x00001e5c       0x78 Source/enc28j60.o
                0x00001e5c                enc28j60PacketSend
 .text.enc28j60PacketReceive
                0x00001ed4       0xda Source/enc28j60.o
                0x00001ed4                enc28j60PacketReceive
 .text.www_client_internal_result_callback
                0x00001fae       0xc8 Source/ip_arp_udp_tcp.o
                0x00001fae                www_client_internal_result_callback
 .text.checksum
                0x00002076       0xb6 Source/ip_arp_udp_tcp.o
                0x00002076                checksum
 .text.init_mac
                0x0000212c       0x16 Source/ip_arp_udp_tcp.o
                0x0000212c                init_mac
 .text.client_ifconfig
                0x00002142       0x34 Source/ip_arp_udp_tcp.o
                0x00002142                client_ifconfig
 .text.check_ip_message_is_from
                0x00002176       0x1e Source/ip_arp_udp_tcp.o
                0x00002176                check_ip_message_is_from
 .text.eth_type_is_arp_and_my_ip
                0x00002194       0x32 Source/ip_arp_udp_tcp.o
                0x00002194                eth_type_is_arp_and_my_ip
 .text.eth_type_is_ip_and_my_ip
                0x000021c6       0x42 Source/ip_arp_udp_tcp.o
                0x000021c6                eth_type_is_ip_and_my_ip
 .text.make_eth
                0x00002208       0x18 Source/ip_arp_udp_tcp.o
                0x00002208                make_eth
 .text.fill_ip_hdr_checksum
                0x00002220       0x28 Source/ip_arp_udp_tcp.o
                0x00002220                fill_ip_hdr_checksum
 .text.make_ip  0x00002248       0x1e Source/ip_arp_udp_tcp.o
                0x00002248                make_ip
 .text.step_seq
                0x00002266       0x26 Source/ip_arp_udp_tcp.o
                0x00002266                step_seq
 .text.make_tcphead
                0x0000228c       0x28 Source/ip_arp_udp_tcp.o
                0x0000228c                make_tcphead
 .text.make_arp_answer_from_request
                0x000022b4       0x58 Source/ip_arp_udp_tcp.o
                0x000022b4                make_arp_answer_from_request
 .text.make_echo_reply_from_request
                0x0000230c       0x32 Source/ip_arp_udp_tcp.o
                0x0000230c                make_echo_reply_from_request
 .text.get_tcp_data_len
                0x0000233e       0x2e Source/ip_arp_udp_tcp.o
                0x0000233e                get_tcp_data_len
 .text.fill_tcp_data_p
                0x0000236c       0x24 Source/ip_arp_udp_tcp.o
                0x0000236c                fill_tcp_data_p
 .text.fill_tcp_data_len
                0x00002390       0x20 Source/ip_arp_udp_tcp.o
                0x00002390                fill_tcp_data_len
 .text.fill_tcp_data
                0x000023b0       0x12 Source/ip_arp_udp_tcp.o
                0x000023b0                fill_tcp_data
 .text.www_client_internal_datafill_callback
                0x000023c2      0x15e Source/ip_arp_udp_tcp.o
                0x000023c2                www_client_internal_datafill_callback
 .text.make_tcp_ack_from_any
                0x00002520       0x62 Source/ip_arp_udp_tcp.o
                0x00002520                make_tcp_ack_from_any
 .text.make_tcp_ack_with_data_noflags
                0x00002582       0x3e Source/ip_arp_udp_tcp.o
                0x00002582                make_tcp_ack_with_data_noflags
 .text.make_udp_reply_from_request_udpdat_ready
                0x000025c0       0x74 Source/ip_arp_udp_tcp.o
                0x000025c0                make_udp_reply_from_request_udpdat_ready
 .text.make_udp_reply_from_request
                0x00002634       0x22 Source/ip_arp_udp_tcp.o
                0x00002634                make_udp_reply_from_request
 .text.init_udp_or_www_server
                0x00002656       0x22 Source/ip_arp_udp_tcp.o
                0x00002656                init_udp_or_www_server
 .text.www_server_port
                0x00002678        0xa Source/ip_arp_udp_tcp.o
                0x00002678                www_server_port
 .text.make_tcp_synack_from_syn
                0x00002682       0x66 Source/ip_arp_udp_tcp.o
                0x00002682                make_tcp_synack_from_syn
 .text.www_server_reply
                0x000026e8       0x2a Source/ip_arp_udp_tcp.o
                0x000026e8                www_server_reply
 .text.fill_buf_p
                0x00002712       0x1c Source/ip_arp_udp_tcp.o
                0x00002712                fill_buf_p
 .text.send_udp_prepare
                0x0000272e       0xaa Source/ip_arp_udp_tcp.o
                0x0000272e                send_udp_prepare
 .text.send_udp_transmit
                0x000027d8       0x42 Source/ip_arp_udp_tcp.o
                0x000027d8                send_udp_transmit
 .text.client_arp_whohas
                0x0000281a       0xb0 Source/ip_arp_udp_tcp.o
                0x0000281a                client_arp_whohas
 .text.get_mac_with_arp_wait
                0x000028ca        0xe Source/ip_arp_udp_tcp.o
                0x000028ca                get_mac_with_arp_wait
 .text.get_mac_with_arp
                0x000028d8       0x28 Source/ip_arp_udp_tcp.o
                0x000028d8                get_mac_with_arp
 .text.tcp_client_syn
                0x00002900      0x100 Source/ip_arp_udp_tcp.o
                0x00002900                tcp_client_syn
 .text.client_tcp_req
                0x00002a00       0x64 Source/ip_arp_udp_tcp.o
                0x00002a00                client_tcp_req
 .text.client_http_post
                0x00002a64       0xb2 Source/ip_arp_udp_tcp.o
                0x00002a64                client_http_post
 .text.packetloop_arp_icmp_tcp
                0x00002b16      0x336 Source/ip_arp_udp_tcp.o
                0x00002b16                packetloop_arp_icmp_tcp
 .text.OWI_ComputeCRC8
                0x00002e4c       0x20 Source/OWIcrc.o
                0x00002e4c                OWI_ComputeCRC8
 .text.OWI_CheckRomCRC
                0x00002e6c       0x42 Source/OWIcrc.o
                0x00002e6c                OWI_CheckRomCRC
 .text.OWI_CheckScratchPadCRC
                0x00002eae       0x42 Source/OWIcrc.o
                0x00002eae                OWI_CheckScratchPadCRC
 .text.OWI_SendByte
                0x00002ef0       0x26 Source/OWIHighLevelFunctions.o
                0x00002ef0                OWI_SendByte
 .text.OWI_ReceiveByte
                0x00002f16       0x24 Source/OWIHighLevelFunctions.o
                0x00002f16                OWI_ReceiveByte
 .text.OWI_SkipRom
                0x00002f3a        0x6 Source/OWIHighLevelFunctions.o
                0x00002f3a                OWI_SkipRom
 .text.OWI_MatchRom
                0x00002f40       0x3a Source/OWIHighLevelFunctions.o
                0x00002f40                OWI_MatchRom
 .text.OWI_SearchRom
                0x00002f7a       0xaa Source/OWIHighLevelFunctions.o
                0x00002f7a                OWI_SearchRom
 .text.OWI_SearchDevices
                0x00003024       0xcc Source/OWIHighLevelFunctions.o
                0x00003024                OWI_SearchDevices
 .text.OWI_Init
                0x000030f0       0x1c Source/OWISWBitFunctions.o
                0x000030f0                OWI_Init
 .text.OWI_WriteBit1
                0x0000310c       0x32 Source/OWISWBitFunctions.o
                0x0000310c                OWI_WriteBit1
 .text.OWI_WriteBit0
                0x0000313e       0x32 Source/OWISWBitFunctions.o
                0x0000313e                OWI_WriteBit0
 .text.OWI_ReadBit
                0x00003170       0x40 Source/OWISWBitFunctions.o
                0x00003170                OWI_ReadBit
 .text.OWI_DetectPresence
                0x000031b0       0x4a Source/OWISWBitFunctions.o
                0x000031b0                OWI_DetectPresence
 .text.browserresult_callback
                0x000031fa       0x20 Source/protocol.o
                0x000031fa                browserresult_callback
 .text.arpresolver_result_callback
                0x0000321a       0x18 Source/protocol.o
                0x0000321a                arpresolver_result_callback
 .text.parse_ip
                0x00003232       0xce Source/protocol.o
                0x00003232                parse_ip
 .text.LED_READ
                0x00003300        0x8 Source/protocol.o
                0x00003300                LED_READ
 .text.LED_ON_OFF
                0x00003308        0xc Source/protocol.o
                0x00003308                LED_ON_OFF
 .text.leddebugsignal
                0x00003314       0x2e Source/protocol.o
                0x00003314                leddebugsignal
 .text.search_and_configure_sensors
                0x00003342      0x14e Source/protocol.o
                0x00003342                search_and_configure_sensors
 .text.__vector_7
                0x00003490       0x48 Source/protocol.o
                0x00003490                __vector_7
 .text.__vector_14
                0x000034d8      0x186 Source/protocol.o
                0x000034d8                __vector_14
 .text.C2D      0x0000365e       0x28 Source/protocol.o
                0x0000365e                C2D
 .text.h2int    0x00003686       0x28 Source/protocol.o
                0x00003686                h2int
 .text.my_itoa_long
                0x000036ae       0x14 Source/protocol.o
                0x000036ae                my_itoa_long
 .text.ATOI     0x000036c2       0x44 Source/protocol.o
                0x000036c2                ATOI
 .text.data_get
                0x00003706       0xec Source/protocol.o
                0x00003706                data_get
 .text.findstr  0x000037f2       0x7c Source/protocol.o
                0x000037f2                findstr
 .text.urldecode
                0x0000386e       0x62 Source/protocol.o
                0x0000386e                urldecode
 .text.exe_sensors
                0x000038d0      0x238 Source/protocol.o
                0x000038d0                exe_sensors
 .text.http200ok
                0x00003b08       0x10 Source/protocol.o
                0x00003b08                http200ok
 .text.http404  0x00003b18       0x10 Source/protocol.o
                0x00003b18                http404
 .text.page_header
                0x00003b28        0x8 Source/protocol.o
                0x00003b28                page_header
 .text.input_type_text_name_2
                0x00003b30       0x6a Source/protocol.o
                0x00003b30                input_type_text_name_2
 .text.get_sensor_value_type_str
                0x00003b9a      0x146 Source/protocol.o
                0x00003b9a                get_sensor_value_type_str
 .text.print_webpage_mainframe
                0x00003ce0       0xb0 Source/protocol.o
                0x00003ce0                print_webpage_mainframe
 .text.print_webpage_tcpip_settings
                0x00003d90      0x24e Source/protocol.o
                0x00003d90                print_webpage_tcpip_settings
 .text.print_webpage_logger_settings
                0x00003fde      0x1ec Source/protocol.o
                0x00003fde                print_webpage_logger_settings
 .text.print_webpage_login
                0x000041ca       0x1e Source/protocol.o
                0x000041ca                print_webpage_login
 .text.print_webpage_parol_change
                0x000041e8       0x62 Source/protocol.o
                0x000041e8                print_webpage_parol_change
 .text.print_webpage_info
                0x0000424a       0x1e Source/protocol.o
                0x0000424a                print_webpage_info
 .text.print_webpage_reboot
                0x00004268       0x50 Source/protocol.o
                0x00004268                print_webpage_reboot
 .text.print_webpage_sensor_config
                0x000042b8      0x256 Source/protocol.o
                0x000042b8                print_webpage_sensor_config
 .text.add_target_and_session
                0x0000450e       0x8e Source/protocol.o
                0x0000450e                add_target_and_session
 .text.print_webpage_leftmenu
                0x0000459c       0x86 Source/protocol.o
                0x0000459c                print_webpage_leftmenu
 .text.print_webpage_sensors_left_menu
                0x00004622       0xd6 Source/protocol.o
                0x00004622                print_webpage_sensors_left_menu
 .text.print_webpage_index
                0x000046f8      0x2fa Source/protocol.o
                0x000046f8                print_webpage_index
 .text.process_http_server
                0x000049f2      0xfae Source/protocol.o
                0x000049f2                process_http_server
 .text.ENC28J60_RST
                0x000059a0        0xc Source/task_config.o
                0x000059a0                ENC28J60_RST
 .text.ENC28J60_INIT_CHIP
                0x000059ac       0x32 Source/task_config.o
                0x000059ac                ENC28J60_INIT_CHIP
 .text.mcu_init
                0x000059de       0x66 Source/task_config.o
                0x000059de                mcu_init
 .text.default_network
                0x00005a44      0x1ac Source/task_config.o
                0x00005a44                default_network
 .text.SetConfig
                0x00005bf0       0x42 Source/task_config.o
                0x00005bf0                SetConfig
 .text.my_wait_1ms
                0x00005c32       0x16 Source/term.o
                0x00005c32                my_wait_1ms
 .text.Start_18b20_Convert
                0x00005c48       0x18 Source/term.o
                0x00005c48                Start_18b20_Convert
 .text.DS18B20_ReadTemperature_Fast_Float
                0x00005c60       0xee Source/term.o
                0x00005c60                DS18B20_ReadTemperature_Fast_Float
 .text.Read_scratchpad
                0x00005d4e       0x8a Source/term.o
                0x00005d4e                Read_scratchpad
 .text.Write_scratchpad
                0x00005dd8       0x46 Source/term.o
                0x00005dd8                Write_scratchpad
 .text.avr-libc
                0x00005e1e      0x6bc c:/program files (x86)/atmel/studio/7.0/toolchain/avr8/avr8-gnu-toolchain/bin/../lib/gcc/avr/5.4.0/../../../../avr/lib/avr5\libprintf_flt.a(vfprintf_flt.o)
                0x00005e1e                vfprintf
 .text.avr-libc.fplib
                0x000064da        0xa c:/program files (x86)/atmel/studio/7.0/toolchain/avr8/avr8-gnu-toolchain/bin/../lib/gcc/avr/5.4.0/../../../../avr/lib/avr5\libm.a(addsf3.o)
                0x000064da                __subsf3
                0x000064dc                __addsf3
 .text.avr-libc.fplib
                0x000064e4       0xc0 c:/program files (x86)/atmel/studio/7.0/toolchain/avr8/avr8-gnu-toolchain/bin/../lib/gcc/avr/5.4.0/../../../../avr/lib/avr5\libm.a(addsf3x.o)
                0x000064fe                __addsf3x
 .text.avr-libc.fplib
                0x000065a4        0x8 c:/program files (x86)/atmel/studio/7.0/toolchain/avr8/avr8-gnu-toolchain/bin/../lib/gcc/avr/5.4.0/../../../../avr/lib/avr5\libm.a(cmpsf2.o)
                0x000065a4                __nesf2
                0x000065a4                __eqsf2
                0x000065a4                __cmpsf2
                0x000065a4                __ltsf2
                0x000065a4                __lesf2
 .text.avr-libc.fplib
                0x000065ac        0x4 c:/program files (x86)/atmel/studio/7.0/toolchain/avr8/avr8-gnu-toolchain/bin/../lib/gcc/avr/5.4.0/../../../../avr/lib/avr5\libm.a(divsf3.o)
                0x000065ac                __divsf3
 .text.avr-libc.fplib
                0x000065b0       0xcc c:/program files (x86)/atmel/studio/7.0/toolchain/avr8/avr8-gnu-toolchain/bin/../lib/gcc/avr/5.4.0/../../../../avr/lib/avr5\libm.a(divsf3x.o)
                0x000065c6                __divsf3x
                0x000065ca                __divsf3_pse
 .text.avr-libc.fplib
                0x0000667c       0x58 c:/program files (x86)/atmel/studio/7.0/toolchain/avr8/avr8-gnu-toolchain/bin/../lib/gcc/avr/5.4.0/../../../../avr/lib/avr5\libm.a(fixunssfsi.o)
                0x0000667c                __fixunssfsi
 .text.avr-libc.fplib
                0x000066d4       0x7a c:/program files (x86)/atmel/studio/7.0/toolchain/avr8/avr8-gnu-toolchain/bin/../lib/gcc/avr/5.4.0/../../../../avr/lib/avr5\libm.a(floatsisf.o)
                0x000066d4                __floatunsisf
                0x000066d8                __floatsisf
 .text.avr-libc.fplib
                0x0000674e       0x26 c:/program files (x86)/atmel/studio/7.0/toolchain/avr8/avr8-gnu-toolchain/bin/../lib/gcc/avr/5.4.0/../../../../avr/lib/avr5\libm.a(floor.o)
                0x0000674e                floor
 .text.avr-libc.fplib
                0x00006774       0x48 c:/program files (x86)/atmel/studio/7.0/toolchain/avr8/avr8-gnu-toolchain/bin/../lib/gcc/avr/5.4.0/../../../../avr/lib/avr5\libm.a(fp_cmp.o)
                0x00006774                __fp_cmp
 .text.avr-libc.fplib
                0x000067bc        0xc c:/program files (x86)/atmel/studio/7.0/toolchain/avr8/avr8-gnu-toolchain/bin/../lib/gcc/avr/5.4.0/../../../../avr/lib/avr5\libm.a(fp_inf.o)
                0x000067bc                __fp_inf
 .text.avr-libc.fplib
                0x000067c8       0x36 c:/program files (x86)/atmel/studio/7.0/toolchain/avr8/avr8-gnu-toolchain/bin/../lib/gcc/avr/5.4.0/../../../../avr/lib/avr5\libm.a(fp_mintl.o)
                0x000067c8                __fp_mintl
 .text.avr-libc.fplib
                0x000067fe       0x1c c:/program files (x86)/atmel/studio/7.0/toolchain/avr8/avr8-gnu-toolchain/bin/../lib/gcc/avr/5.4.0/../../../../avr/lib/avr5\libm.a(fp_mpack.o)
                0x000067fe                __fp_mpack
                0x00006802                __fp_mpack_finite
 .text.avr-libc.fplib
                0x0000681a        0x6 c:/program files (x86)/atmel/studio/7.0/toolchain/avr8/avr8-gnu-toolchain/bin/../lib/gcc/avr/5.4.0/../../../../avr/lib/avr5\libm.a(fp_nan.o)
                0x0000681a                __fp_nan
 .text.avr-libc.fplib
                0x00006820        0xe c:/program files (x86)/atmel/studio/7.0/toolchain/avr8/avr8-gnu-toolchain/bin/../lib/gcc/avr/5.4.0/../../../../avr/lib/avr5\libm.a(fp_pscA.o)
                0x00006820                __fp_pscA
 .text.avr-libc.fplib
                0x0000682e        0xe c:/program files (x86)/atmel/studio/7.0/toolchain/avr8/avr8-gnu-toolchain/bin/../lib/gcc/avr/5.4.0/../../../../avr/lib/avr5\libm.a(fp_pscB.o)
                0x0000682e                __fp_pscB
 .text.avr-libc.fplib
                0x0000683c       0x22 c:/program files (x86)/atmel/studio/7.0/toolchain/avr8/avr8-gnu-toolchain/bin/../lib/gcc/avr/5.4.0/../../../../avr/lib/avr5\libm.a(fp_round.o)
                0x0000683c                __fp_round
 .text.avr-libc.fplib
                0x0000685e       0x44 c:/program files (x86)/atmel/studio/7.0/toolchain/avr8/avr8-gnu-toolchain/bin/../lib/gcc/avr/5.4.0/../../../../avr/lib/avr5\libm.a(fp_split3.o)
                0x0000685e                __fp_split3
                0x0000686e                __fp_splitA
 .text.avr-libc.fplib
                0x000068a2       0x2e c:/program files (x86)/atmel/studio/7.0/toolchain/avr8/avr8-gnu-toolchain/bin/../lib/gcc/avr/5.4.0/../../../../avr/lib/avr5\libm.a(fp_trunc.o)
                0x000068a2                __fp_trunc
 .text.avr-libc.fplib
                0x000068d0        0xe c:/program files (x86)/atmel/studio/7.0/toolchain/avr8/avr8-gnu-toolchain/bin/../lib/gcc/avr/5.4.0/../../../../avr/lib/avr5\libm.a(fp_zero.o)
                0x000068d0                __fp_zero
                0x000068d2                __fp_szero
 .text.avr-libc.fplib
                0x000068de        0x4 c:/program files (x86)/atmel/studio/7.0/toolchain/avr8/avr8-gnu-toolchain/bin/../lib/gcc/avr/5.4.0/../../../../avr/lib/avr5\libm.a(mulsf3.o)
                0x000068de                __mulsf3
 .text.avr-libc.fplib
                0x000068e2       0xc2 c:/program files (x86)/atmel/studio/7.0/toolchain/avr8/avr8-gnu-toolchain/bin/../lib/gcc/avr/5.4.0/../../../../avr/lib/avr5\libm.a(mulsf3x.o)
                0x000068f6                __mulsf3x
                0x000068fa                __mulsf3_pse
 .text.libgcc.mul
                0x000069a4       0x1e c:/program files (x86)/atmel/studio/7.0/toolchain/avr8/avr8-gnu-toolchain/bin/../lib/gcc/avr/5.4.0/avr5\libgcc.a(_mulsi3.o)
                0x000069a4                __mulsi3
 .text.libgcc.div
                0x000069c2       0x44 c:/program files (x86)/atmel/studio/7.0/toolchain/avr8/avr8-gnu-toolchain/bin/../lib/gcc/avr/5.4.0/avr5\libgcc.a(_udivmodsi4.o)
                0x000069c2                __udivmodsi4
 .text.libgcc   0x00006a06        0xc c:/program files (x86)/atmel/studio/7.0/toolchain/avr8/avr8-gnu-toolchain/bin/../lib/gcc/avr/5.4.0/avr5\libgcc.a(_tablejump2.o)
                0x00006a06                __tablejump2__
 .text.libgcc.mul
                0x00006a12       0x1e c:/program files (x86)/atmel/studio/7.0/toolchain/avr8/avr8-gnu-toolchain/bin/../lib/gcc/avr/5.4.0/avr5\libgcc.a(_umulhisi3.o)
                0x00006a12                __umulhisi3
 .text.libgcc.mul
                0x00006a30       0x14 c:/program files (x86)/atmel/studio/7.0/toolchain/avr8/avr8-gnu-toolchain/bin/../lib/gcc/avr/5.4.0/avr5\libgcc.a(_muluhisi3.o)
                0x00006a30                __muluhisi3
 .text.libgcc.prologue
                0x00006a44       0x38 c:/program files (x86)/atmel/studio/7.0/toolchain/avr8/avr8-gnu-toolchain/bin/../lib/gcc/avr/5.4.0/avr5\libgcc.a(_prologue.o)
                0x00006a44                __prologue_saves__
 .text.libgcc.prologue
                0x00006a7c       0x36 c:/program files (x86)/atmel/studio/7.0/toolchain/avr8/avr8-gnu-toolchain/bin/../lib/gcc/avr/5.4.0/avr5\libgcc.a(_epilogue.o)
                0x00006a7c                __epilogue_restores__
 .text.avr-libc
                0x00006ab2        0x6 c:/program files (x86)/atmel/studio/7.0/toolchain/avr8/avr8-gnu-toolchain/bin/../lib/gcc/avr/5.4.0/../../../../avr/lib/avr5\libc.a(atof.o)
                0x00006ab2                atof
 .text.avr-libc
                0x00006ab8       0x3a c:/program files (x86)/atmel/studio/7.0/toolchain/avr8/avr8-gnu-toolchain/bin/../lib/gcc/avr/5.4.0/../../../../avr/lib/avr5\libc.a(atoi.o)
                0x00006ab8                atoi
 .text.avr-libc
                0x00006af2      0x1b0 c:/program files (x86)/atmel/studio/7.0/toolchain/avr8/avr8-gnu-toolchain/bin/../lib/gcc/avr/5.4.0/../../../../avr/lib/avr5\libc.a(ftoa_engine.o)
                0x00006af2                __ftoa_engine
 .text.avr-libc
                0x00006ca2        0xe c:/program files (x86)/atmel/studio/7.0/toolchain/avr8/avr8-gnu-toolchain/bin/../lib/gcc/avr/5.4.0/../../../../avr/lib/avr5\libc.a(isblank.o)
                0x00006ca2                isblank
 .text.avr-libc
                0x00006cb0       0x12 c:/program files (x86)/atmel/studio/7.0/toolchain/avr8/avr8-gnu-toolchain/bin/../lib/gcc/avr/5.4.0/../../../../avr/lib/avr5\libc.a(memcpy_P.o)
                0x00006cb0                memcpy_P
 .text.avr-libc
                0x00006cc2        0xe c:/program files (x86)/atmel/studio/7.0/toolchain/avr8/avr8-gnu-toolchain/bin/../lib/gcc/avr/5.4.0/../../../../avr/lib/avr5\libc.a(strcpy_P.o)
                0x00006cc2                strcpy_P
 .text.avr-libc
                0x00006cd0       0x1c c:/program files (x86)/atmel/studio/7.0/toolchain/avr8/avr8-gnu-toolchain/bin/../lib/gcc/avr/5.4.0/../../../../avr/lib/avr5\libc.a(strncmp_P.o)
                0x00006cd0                strncmp_P
 .text.avr-libc
                0x00006cec       0x16 c:/program files (x86)/atmel/studio/7.0/toolchain/avr8/avr8-gnu-toolchain/bin/../lib/gcc/avr/5.4.0/../../../../avr/lib/avr5\libc.a(strnlen_P.o)
                0x00006cec                strnlen_P
 .text.avr-libc
                0x00006d02       0x1a c:/program files (x86)/atmel/studio/7.0/toolchain/avr8/avr8-gnu-toolchain/bin/../lib/gcc/avr/5.4.0/../../../../avr/lib/avr5\libc.a(memcmp.o)
                0x00006d02                memcmp
 .text.avr-libc
                0x00006d1c       0x16 c:/program files (x86)/atmel/studio/7.0/toolchain/avr8/avr8-gnu-toolchain/bin/../lib/gcc/avr/5.4.0/../../../../avr/lib/avr5\libc.a(strcat.o)
                0x00006d1c                strcat
 .text.avr-libc
                0x00006d32        0xe c:/program files (x86)/atmel/studio/7.0/toolchain/avr8/avr8-gnu-toolchain/bin/../lib/gcc/avr/5.4.0/../../../../avr/lib/avr5\libc.a(strcpy.o)
                0x00006d32                strcpy
 .text.avr-libc
                0x00006d40       0x1c c:/program files (x86)/atmel/studio/7.0/toolchain/avr8/avr8-gnu-toolchain/bin/../lib/gcc/avr/5.4.0/../../../../avr/lib/avr5\libc.a(strncmp.o)
                0x00006d40                strncmp
 .text.avr-libc
                0x00006d5c       0x16 c:/program files (x86)/atmel/studio/7.0/toolchain/avr8/avr8-gnu-toolchain/bin/../lib/gcc/avr/5.4.0/../../../../avr/lib/avr5\libc.a(strnlen.o)
                0x00006d5c                strnlen
 .text.avr-libc
                0x00006d72       0x34 c:/program files (x86)/atmel/studio/7.0/toolchain/avr8/avr8-gnu-toolchain/bin/../lib/gcc/avr/5.4.0/../../../../avr/lib/avr5\libc.a(strstr.o)
                0x00006d72                strstr
 .text.avr-libc
                0x00006da6       0x14 c:/program files (x86)/atmel/studio/7.0/toolchain/avr8/avr8-gnu-toolchain/bin/../lib/gcc/avr/5.4.0/../../../../avr/lib/avr5\libc.a(itoa_ncheck.o)
                0x00006da6                __itoa_ncheck
 .text.avr-libc
                0x00006dba       0x10 c:/program files (x86)/atmel/studio/7.0/toolchain/avr8/avr8-gnu-toolchain/bin/../lib/gcc/avr/5.4.0/../../../../avr/lib/avr5\libc.a(mul10.o)
                0x00006dba                __mulhi_const_10
 .text.avr-libc
                0x00006dca       0x42 c:/program files (x86)/atmel/studio/7.0/toolchain/avr8/avr8-gnu-toolchain/bin/../lib/gcc/avr/5.4.0/../../../../avr/lib/avr5\libc.a(ultoa_ncheck.o)
                0x00006dca                __ultoa_ncheck
                0x00006dcc                __ultoa_common
 .text.avr-libc
                0x00006e0c       0x32 c:/program files (x86)/atmel/studio/7.0/toolchain/avr8/avr8-gnu-toolchain/bin/../lib/gcc/avr/5.4.0/../../../../avr/lib/avr5\libc.a(utoa_ncheck.o)
                0x00006e0c                __utoa_ncheck
                0x00006e0e                __utoa_common
 .text.avr-libc
                0x00006e3e       0x78 c:/program files (x86)/atmel/studio/7.0/toolchain/avr8/avr8-gnu-toolchain/bin/../lib/gcc/avr/5.4.0/../../../../avr/lib/avr5\libc.a(fputc.o)
                0x00006e3e                fputc
 .text.avr-libc
                0x00006eb6       0x40 c:/program files (x86)/atmel/studio/7.0/toolchain/avr8/avr8-gnu-toolchain/bin/../lib/gcc/avr/5.4.0/../../../../avr/lib/avr5\libc.a(sprintf.o)
                0x00006eb6                sprintf
 .text.avr-libc
                0x00006ef6       0x40 c:/program files (x86)/atmel/studio/7.0/toolchain/avr8/avr8-gnu-toolchain/bin/../lib/gcc/avr/5.4.0/../../../../avr/lib/avr5\libc.a(sprintf_p.o)
                0x00006ef6                sprintf_P
 .text.avr-libc
                0x00006f36       0xbc c:/program files (x86)/atmel/studio/7.0/toolchain/avr8/avr8-gnu-toolchain/bin/../lib/gcc/avr/5.4.0/../../../../avr/lib/avr5\libc.a(ultoa_invert.o)
                0x00006f36                __ultoa_invert
 .text.avr-libc
                0x00006ff2      0x286 c:/program files (x86)/atmel/studio/7.0/toolchain/avr8/avr8-gnu-toolchain/bin/../lib/gcc/avr/5.4.0/../../../../avr/lib/avr5\libc.a(strtod.o)
                0x00006ff2                strtod
 .text.avr-libc
                0x00007278        0x6 c:/program files (x86)/atmel/studio/7.0/toolchain/avr8/avr8-gnu-toolchain/bin/../lib/gcc/avr/5.4.0/../../../../avr/lib/avr5\libc.a(cty_isfalse.o)
                0x00007278                __ctype_isfalse
                0x0000727c                __ctype_istrue
 .text.avr-libc
                0x0000727e       0x10 c:/program files (x86)/atmel/studio/7.0/toolchain/avr8/avr8-gnu-toolchain/bin/../lib/gcc/avr/5.4.0/../../../../avr/lib/avr5\libc.a(isspace.o)
                0x0000727e                isspace
 .text.avr-libc
                0x0000728e       0x30 c:/program files (x86)/atmel/studio/7.0/toolchain/avr8/avr8-gnu-toolchain/bin/../lib/gcc/avr/5.4.0/../../../../avr/lib/avr5\libc.a(strncasecmp_P.o)
                0x0000728e                strncasecmp_P
 .text.avr-libc
                0x000072be       0x20 c:/program files (x86)/atmel/studio/7.0/toolchain/avr8/avr8-gnu-toolchain/bin/../lib/gcc/avr/5.4.0/../../../../avr/lib/avr5\libc.a(strrev.o)
                0x000072be                strrev
 .text.avr-libc
                0x000072de       0x20 C:/Program Files (x86)/Atmel/Studio/7.0/Packs/atmel/ATmega_DFP/1.0.106/gcc/dev/atmega328p/avr5\libatmega328p.a(eerd_block.o)
                0x000072de                eeprom_read_block
                0x000072e2                eeprom_read_blraw
 .text.avr-libc
                0x000072fe       0x10 C:/Program Files (x86)/Atmel/Studio/7.0/Packs/atmel/ATmega_DFP/1.0.106/gcc/dev/atmega328p/avr5\libatmega328p.a(eerd_byte.o)
                0x000072fe                eeprom_read_byte
 .text.avr-libc
                0x0000730e       0x1e C:/Program Files (x86)/Atmel/Studio/7.0/Packs/atmel/ATmega_DFP/1.0.106/gcc/dev/atmega328p/avr5\libatmega328p.a(eeupd_block.o)
                0x0000730e                eeprom_update_block
 .text.avr-libc
                0x0000732c       0x24 C:/Program Files (x86)/Atmel/Studio/7.0/Packs/atmel/ATmega_DFP/1.0.106/gcc/dev/atmega328p/avr5\libatmega328p.a(eeupd_byte.o)
                0x0000732c                eeprom_update_byte
                0x0000732e                eeprom_update_r18
 .text.avr-libc
                0x00007350       0x12 C:/Program Files (x86)/Atmel/Studio/7.0/Packs/atmel/ATmega_DFP/1.0.106/gcc/dev/atmega328p/avr5\libatmega328p.a(eewr_block.o)
                0x00007350                eeprom_write_block
 .text.avr-libc
                0x00007362       0x1c C:/Program Files (x86)/Atmel/Studio/7.0/Packs/atmel/ATmega_DFP/1.0.106/gcc/dev/atmega328p/avr5\libatmega328p.a(eewr_byte.o)
                0x00007362                eeprom_write_byte
                0x00007364                eeprom_write_r18
                0x0000737e                . = ALIGN (0x2)
 *(.fini9)
 .fini9         0x0000737e        0x0 c:/program files (x86)/atmel/studio/7.0/toolchain/avr8/avr8-gnu-toolchain/bin/../lib/gcc/avr/5.4.0/avr5\libgcc.a(_exit.o)
                0x0000737e                _exit
                0x0000737e                exit
 *(.fini9)
 *(.fini8)
 *(.fini8)
 *(.fini7)
 *(.fini7)
 *(.fini6)
 *(.fini6)
 *(.fini5)
 *(.fini5)
 *(.fini4)
 *(.fini4)
 *(.fini3)
 *(.fini3)
 *(.fini2)
 *(.fini2)
 *(.fini1)
 *(.fini1)
 *(.fini0)
 .fini0         0x0000737e        0x4 c:/program files (x86)/atmel/studio/7.0/toolchain/avr8/avr8-gnu-toolchain/bin/../lib/gcc/avr/5.4.0/avr5\libgcc.a(_exit.o)
 *(.fini0)
                0x00007382                _etext = .

.data           0x00800100       0xd8 load address 0x00007382
                0x00800100                PROVIDE (__data_start, .)
 *(.data)
 *(.data*)
 .data.init.2291
                0x00800100        0x2 Source/dhcp_client.o
 .data.bGlobalErr
                0x00800102        0x1 Source/DHT.o
                0x00800102                bGlobalErr
 .data.ipid     0x00800103        0x1 Source/ip_arp_udp_tcp.o
 .data.ipnetmask
                0x00800104        0x4 Source/ip_arp_udp_tcp.o
 .data.wwwport_l
                0x00800108        0x1 Source/ip_arp_udp_tcp.o
 .data.arp_delaycnt
                0x00800109        0x2 Source/ip_arp_udp_tcp.o
 .data.tcpclient_src_port_l
                0x0080010b        0x1 Source/ip_arp_udp_tcp.o
 .data.seqnum   0x0080010c        0x1 Source/ip_arp_udp_tcp.o
 .data.WebrefreshTime1
                0x0080010d        0x4 Source/protocol.o
                0x0080010d                WebrefreshTime1
 .data.WebrefreshTime0
                0x00800111        0x4 Source/protocol.o
                0x00800111                WebrefreshTime0
 .data.DS18B20refreshTime
                0x00800115        0x4 Source/protocol.o
                0x00800115                DS18B20refreshTime
 *(.rodata)
 .rodata        0x00800119        0x6 Source/dhcp_client.o
 .rodata        0x0080011f       0x10 Source/task_config.o
 *(.rodata*)
 .rodata.str1.1
                0x0080012f        0x6 Source/led_display.o
 .rodata.SEGMENT_SELECT
                0x00800135        0x4 Source/led_display.o
                0x00800135                SEGMENT_SELECT
 .rodata.SEGMENT_MAP
                0x00800139        0xa Source/led_display.o
                0x00800139                SEGMENT_MAP
 .rodata.str1.1
                0x00800143       0x80 Source/protocol.o
                                 0x87 (size before relaxing)
 .rodata.update_time
                0x008001c3       0x14 Source/protocol.o
 *(.gnu.linkonce.d*)
                0x008001d8                . = ALIGN (0x2)
 *fill*         0x008001d7        0x1 
                0x008001d8                _edata = .
                0x008001d8                PROVIDE (__data_end, .)

.bss            0x008001d8      0x64f
                0x008001d8                PROVIDE (__bss_start, .)
 *(.bss)
 *(.bss*)
 .bss.dhcp_opt_leasetime_minutes
                0x008001d8        0x2 Source/dhcp_client.o
 .bss.dhcp_tid  0x008001da        0x1 Source/dhcp_client.o
 .bss.dhcp_opt_server_id
                0x008001db        0x4 Source/dhcp_client.o
 .bss.dhcp_opt_mask
                0x008001df        0x4 Source/dhcp_client.o
 .bss.dhcp_opt_defaultgw
                0x008001e3        0x4 Source/dhcp_client.o
 .bss.dhcp_yiaddr
                0x008001e7        0x4 Source/dhcp_client.o
 .bss.dhcp_6sec_cnt
                0x008001eb        0x1 Source/dhcp_client.o
 .bss.dht_hum   0x008001ec        0x2 Source/DHT.o
                0x008001ec                dht_hum
 .bss.dht_term  0x008001ee        0x2 Source/DHT.o
                0x008001ee                dht_term
 .bss.dns_ansError
                0x008001f0        0x1 Source/dnslkup.o
 .bss.dns_answerip
                0x008001f1        0x4 Source/dnslkup.o
 .bss.haveDNSanswer
                0x008001f5        0x1 Source/dnslkup.o
 .bss.dnstid_l  0x008001f6        0x1 Source/dnslkup.o
 .bss.bpos.2416
                0x008001f7        0x1 Source/led_display.o
 .bss.gNextPacketPtr
                0x008001f8        0x2 Source/enc28j60.o
 .bss.Enc28j60Bank
                0x008001fa        0x1 Source/enc28j60.o
 .bss.info_data_len
                0x008001fb        0x2 Source/ip_arp_udp_tcp.o
 .bss.wwwport_h
                0x008001fd        0x1 Source/ip_arp_udp_tcp.o
 .bss.arp_reference_number
                0x008001fe        0x1 Source/ip_arp_udp_tcp.o
 .bss.arpip_state
                0x008001ff        0x1 Source/ip_arp_udp_tcp.o
 .bss.arpip     0x00800200        0x4 Source/ip_arp_udp_tcp.o
 .bss.bufptr    0x00800204        0x2 Source/ip_arp_udp_tcp.o
 .bss.client_hoststr
                0x00800206        0x2 Source/ip_arp_udp_tcp.o
 .bss.client_urlbuf_var
                0x00800208        0x2 Source/ip_arp_udp_tcp.o
 .bss.client_urlbuf_p
                0x0080020a        0x2 Source/ip_arp_udp_tcp.o
 .bss.client_postval
                0x0080020c        0x2 Source/ip_arp_udp_tcp.o
 .bss.client_additionalheaderline_p
                0x0080020e        0x2 Source/ip_arp_udp_tcp.o
 .bss.client_browser_callback
                0x00800210        0x2 Source/ip_arp_udp_tcp.o
 .bss.browsertype
                0x00800212        0x1 Source/ip_arp_udp_tcp.o
 .bss.www_fd    0x00800213        0x1 Source/ip_arp_udp_tcp.o
 .bss.client_tcp_datafill_callback
                0x00800214        0x2 Source/ip_arp_udp_tcp.o
 .bss.client_tcp_result_callback
                0x00800216        0x2 Source/ip_arp_udp_tcp.o
 .bss.tcp_client_port
                0x00800218        0x2 Source/ip_arp_udp_tcp.o
 .bss.tcp_client_state
                0x0080021a        0x1 Source/ip_arp_udp_tcp.o
 .bss.tcp_dst_mac
                0x0080021b        0x6 Source/ip_arp_udp_tcp.o
 .bss.tcp_otherside_ip
                0x00800221        0x4 Source/ip_arp_udp_tcp.o
 .bss.tcp_fd    0x00800225        0x1 Source/ip_arp_udp_tcp.o
 .bss.icmp_callback
                0x00800226        0x2 Source/ip_arp_udp_tcp.o
 .bss.ipaddr    0x00800228        0x4 Source/ip_arp_udp_tcp.o
 .bss.macaddr   0x0080022c        0x6 Source/ip_arp_udp_tcp.o
 .bss.sec_cnt   0x00800232        0x1 Source/protocol.o
 .bss.sec_dhcp  0x00800233        0x1 Source/protocol.o
                0x00800233                sec_dhcp
 .bss.sec       0x00800234        0x1 Source/protocol.o
                0x00800234                sec
 .bss.web_client_sendok
                0x00800235        0x1 Source/protocol.o
 .bss.gw_arp_state
                0x00800236        0x1 Source/protocol.o
 .bss.dns_state
                0x00800237        0x1 Source/protocol.o
 .bss.otherside_www_ip
                0x00800238        0x4 Source/protocol.o
 .bss.gwmac     0x0080023c        0x6 Source/protocol.o
 .bss.start_web_client
                0x00800242        0x1 Source/protocol.o
 .bss.buf_pos   0x00800243        0x2 Source/protocol.o
                0x00800243                buf_pos
 .bss.xbuf      0x00800245      0x104 Source/protocol.o
 .bss.Wt1       0x00800349        0x1 Source/protocol.o
                0x00800349                Wt1
 .bss.Wt0       0x0080034a        0x1 Source/protocol.o
                0x0080034a                Wt0
 .bss.Tr0       0x0080034b        0x1 Source/protocol.o
                0x0080034b                Tr0
 .bss.TimeWt1   0x0080034c        0x4 Source/protocol.o
                0x0080034c                TimeWt1
 .bss.TimeWt0   0x00800350        0x4 Source/protocol.o
                0x00800350                TimeWt0
 .bss.TimeTs0   0x00800354        0x4 Source/protocol.o
                0x00800354                TimeTs0
 .bss.Time_ms   0x00800358        0x4 Source/protocol.o
                0x00800358                Time_ms
 .bss.reboot_counter
                0x0080035c        0x1 Source/protocol.o
                0x0080035c                reboot_counter
 *(COMMON)
 COMMON         0x0080035d       0xe7 Source/DHT.o
                0x0080035d                count_sensors
                0x0080035e                all_sensors
 COMMON         0x00800444        0x6 Source/led_display.o
                0x00800444                LCD_BUF
 COMMON         0x0080044a       0x9a Source/main.o
                0x0080044a                server_data
 COMMON         0x008004e4        0x2 Source/ip_arp_udp_tcp.o
                0x008004e4                client_arp_result_callback
 COMMON         0x008004e6      0x322 Source/protocol.o
                0x008004e6                sessionid
                0x008004ea                b2
                0x008004ec                ac1
                0x008004ee                MPasswd
                0x008004fd                b1
                0x008004ff                tmpstr
                0x00800518                ac6
                0x0080051a                temperature
                0x0080051c                ac5
                0x0080051e                ac2
                0x00800520                pressure
                0x00800524                md
                0x00800526                ac4
                0x00800528                mc
                0x0080052a                tmpstr2
                0x00800543                bufrecv
                0x00800545                buf
                0x00800802                ac3
                0x00800804                usersession
 COMMON         0x00800808       0x1d Source/task_config.o
                0x00800808                NetworkParam
 COMMON         0x00800825        0x2 c:/program files (x86)/atmel/studio/7.0/toolchain/avr8/avr8-gnu-toolchain/bin/../lib/gcc/avr/5.4.0/../../../../avr/lib/avr5\libc.a(errno.o)
                0x00800825                errno
                0x00800827                PROVIDE (__bss_end, .)
                0x00007382                __data_load_start = LOADADDR (.data)
                0x0000745a                __data_load_end = (__data_load_start + SIZEOF (.data))

.noinit         0x00800827        0x0
                [!provide]                PROVIDE (__noinit_start, .)
 *(.noinit*)
                [!provide]                PROVIDE (__noinit_end, .)
                0x00800827                _end = .
                [!provide]                PROVIDE (__heap_start, .)

.eeprom         0x00810000        0x0
 *(.eeprom*)
                0x00810000                __eeprom_end = .

.fuse
 *(.fuse)
 *(.lfuse)
 *(.hfuse)
 *(.efuse)

.lock
 *(.lock*)

.signature
 *(.signature*)

.user_signatures
 *(.user_signatures*)

.stab
 *(.stab)

.stabstr
 *(.stabstr)

.stab.excl
 *(.stab.excl)

.stab.exclstr
 *(.stab.exclstr)

.stab.index
 *(.stab.index)

.stab.indexstr
 *(.stab.indexstr)

.comment        0x00000000       0x5c
 *(.comment)
 .comment       0x00000000       0x30 Source/dhcp_client.o
                                 0x31 (size before relaxing)
 .comment       0x00000030       0x31 Source/DHT.o
 .comment       0x00000030       0x31 Source/dnslkup.o
 .comment       0x00000030       0x31 Source/led_display.o
 .comment       0x00000030       0x31 Source/main.o
 .comment       0x00000030       0x31 Source/enc28j60.o
 .comment       0x00000030       0x31 Source/ip_arp_udp_tcp.o
 .comment       0x00000030       0x31 Source/OWIcrc.o
 .comment       0x00000030       0x31 Source/OWIHighLevelFunctions.o
 .comment       0x00000030       0x31 Source/OWISWBitFunctions.o
 .comment       0x00000030       0x31 Source/protocol.o
 .comment       0x00000030       0x31 Source/task_config.o
 .comment       0x00000030       0x31 Source/term.o
 .comment       0x00000030       0x2c c:/program files (x86)/atmel/studio/7.0/toolchain/avr8/avr8-gnu-toolchain/bin/../lib/gcc/avr/5.4.0/../../../../avr/lib/avr5\libprintf_flt.a(vfprintf_flt.o)
                                 0x2d (size before relaxing)
 .comment       0x0000005c       0x31 c:/program files (x86)/atmel/studio/7.0/toolchain/avr8/avr8-gnu-toolchain/bin/../lib/gcc/avr/5.4.0/../../../../avr/lib/avr5\libc.a(fputc.o)
 .comment       0x0000005c       0x31 c:/program files (x86)/atmel/studio/7.0/toolchain/avr8/avr8-gnu-toolchain/bin/../lib/gcc/avr/5.4.0/../../../../avr/lib/avr5\libc.a(sprintf.o)
 .comment       0x0000005c       0x31 c:/program files (x86)/atmel/studio/7.0/toolchain/avr8/avr8-gnu-toolchain/bin/../lib/gcc/avr/5.4.0/../../../../avr/lib/avr5\libc.a(sprintf_p.o)
 .comment       0x0000005c       0x31 c:/program files (x86)/atmel/studio/7.0/toolchain/avr8/avr8-gnu-toolchain/bin/../lib/gcc/avr/5.4.0/../../../../avr/lib/avr5\libc.a(strtod.o)
 .comment       0x0000005c       0x2d c:/program files (x86)/atmel/studio/7.0/toolchain/avr8/avr8-gnu-toolchain/bin/../lib/gcc/avr/5.4.0/../../../../avr/lib/avr5\libc.a(errno.o)

.note.gnu.avr.deviceinfo
                0x00000000       0x40
 .note.gnu.avr.deviceinfo
                0x00000000       0x40 C:/Program Files (x86)/Atmel/Studio/7.0/Packs/atmel/ATmega_DFP/1.0.106/gcc/dev/atmega328p/avr5/crtatmega328p.o

.note.gnu.build-id
 *(.note.gnu.build-id)

.debug
 *(.debug)

.line
 *(.line)

.debug_srcinfo
 *(.debug_srcinfo)

.debug_sfnames
 *(.debug_sfnames)

.debug_aranges  0x00000000      0x668
 *(.debug_aranges)
 .debug_aranges
                0x00000000       0x80 Source/dhcp_client.o
 .debug_aranges
                0x00000080       0x38 Source/DHT.o
 .debug_aranges
                0x000000b8       0x48 Source/dnslkup.o
 .debug_aranges
                0x00000100       0x48 Source/led_display.o
 .debug_aranges
                0x00000148       0x20 Source/main.o
 .debug_aranges
                0x00000168       0xa8 Source/enc28j60.o
 .debug_aranges
                0x00000210      0x160 Source/ip_arp_udp_tcp.o
 .debug_aranges
                0x00000370       0x38 Source/OWIcrc.o
 .debug_aranges
                0x000003a8       0x58 Source/OWIHighLevelFunctions.o
 .debug_aranges
                0x00000400       0x40 Source/OWISWBitFunctions.o
 .debug_aranges
                0x00000440      0x190 Source/protocol.o
 .debug_aranges
                0x000005d0       0x40 Source/task_config.o
 .debug_aranges
                0x00000610       0x58 Source/term.o

.debug_pubnames
 *(.debug_pubnames)

.debug_info     0x00000000     0xa18d
 *(.debug_info .gnu.linkonce.wi.*)
 .debug_info    0x00000000      0x966 Source/dhcp_client.o
 .debug_info    0x00000966      0x596 Source/DHT.o
 .debug_info    0x00000efc      0x3b8 Source/dnslkup.o
 .debug_info    0x000012b4      0x4f6 Source/led_display.o
 .debug_info    0x000017aa      0x636 Source/main.o
 .debug_info    0x00001de0      0xc9d Source/enc28j60.o
 .debug_info    0x00002a7d     0x20bb Source/ip_arp_udp_tcp.o
 .debug_info    0x00004b38      0x1c4 Source/OWIcrc.o
 .debug_info    0x00004cfc      0x65c Source/OWIHighLevelFunctions.o
 .debug_info    0x00005358      0x446 Source/OWISWBitFunctions.o
 .debug_info    0x0000579e     0x38f6 Source/protocol.o
 .debug_info    0x00009094      0x817 Source/task_config.o
 .debug_info    0x000098ab      0x8e2 Source/term.o

.debug_abbrev   0x00000000     0x1cc8
 *(.debug_abbrev)
 .debug_abbrev  0x00000000      0x296 Source/dhcp_client.o
 .debug_abbrev  0x00000296      0x1c3 Source/DHT.o
 .debug_abbrev  0x00000459      0x1b1 Source/dnslkup.o
 .debug_abbrev  0x0000060a      0x196 Source/led_display.o
 .debug_abbrev  0x000007a0      0x16a Source/main.o
 .debug_abbrev  0x0000090a      0x22e Source/enc28j60.o
 .debug_abbrev  0x00000b38      0x428 Source/ip_arp_udp_tcp.o
 .debug_abbrev  0x00000f60       0xc2 Source/OWIcrc.o
 .debug_abbrev  0x00001022      0x1f1 Source/OWIHighLevelFunctions.o
 .debug_abbrev  0x00001213      0x130 Source/OWISWBitFunctions.o
 .debug_abbrev  0x00001343      0x521 Source/protocol.o
 .debug_abbrev  0x00001864      0x1fd Source/task_config.o
 .debug_abbrev  0x00001a61      0x267 Source/term.o

.debug_line     0x00000000     0x691e
 *(.debug_line .debug_line.* .debug_line_end)
 .debug_line    0x00000000      0x795 Source/dhcp_client.o
 .debug_line    0x00000795      0x4fb Source/DHT.o
 .debug_line    0x00000c90      0x4d7 Source/dnslkup.o
 .debug_line    0x00001167      0x53c Source/led_display.o
 .debug_line    0x000016a3      0x535 Source/main.o
 .debug_line    0x00001bd8      0x7bd Source/enc28j60.o
 .debug_line    0x00002395     0x10a7 Source/ip_arp_udp_tcp.o
 .debug_line    0x0000343c      0x3e4 Source/OWIcrc.o
 .debug_line    0x00003820      0x644 Source/OWIHighLevelFunctions.o
 .debug_line    0x00003e64      0x47d Source/OWISWBitFunctions.o
 .debug_line    0x000042e1     0x1a83 Source/protocol.o
 .debug_line    0x00005d64      0x5f5 Source/task_config.o
 .debug_line    0x00006359      0x5c5 Source/term.o

.debug_frame    0x00000000     0x1a44
 *(.debug_frame)
 .debug_frame   0x00000000      0x1bc Source/dhcp_client.o
 .debug_frame   0x000001bc       0xc4 Source/DHT.o
 .debug_frame   0x00000280       0x94 Source/dnslkup.o
 .debug_frame   0x00000314       0xd8 Source/led_display.o
 .debug_frame   0x000003ec       0x24 Source/main.o
 .debug_frame   0x00000410      0x1c4 Source/enc28j60.o
 .debug_frame   0x000005d4      0x570 Source/ip_arp_udp_tcp.o
 .debug_frame   0x00000b44       0x94 Source/OWIcrc.o
 .debug_frame   0x00000bd8      0x150 Source/OWIHighLevelFunctions.o
 .debug_frame   0x00000d28       0x64 Source/OWISWBitFunctions.o
 .debug_frame   0x00000d8c      0xa7c Source/protocol.o
 .debug_frame   0x00001808       0x90 Source/task_config.o
 .debug_frame   0x00001898      0x1ac Source/term.o

.debug_str      0x00000000     0xd0ff
 *(.debug_str)
 .debug_str     0x00000000     0x9619 Source/dhcp_client.o
                               0x971b (size before relaxing)
 .debug_str     0x00009619     0x139c Source/DHT.o
                               0x7e80 (size before relaxing)
 .debug_str     0x0000a9b5      0x150 Source/dnslkup.o
                               0x980b (size before relaxing)
 .debug_str     0x0000ab05      0x893 Source/led_display.o
                               0x87e3 (size before relaxing)
 .debug_str     0x0000b398      0x992 Source/main.o
                               0xb2af (size before relaxing)
 .debug_str     0x0000bd2a      0x290 Source/enc28j60.o
                               0x79d2 (size before relaxing)
 .debug_str     0x0000bfba      0x7c1 Source/ip_arp_udp_tcp.o
                               0x9d0d (size before relaxing)
 .debug_str     0x0000c77b       0xb5 Source/OWIcrc.o
                               0x713b (size before relaxing)
 .debug_str     0x0000c830      0x15b Source/OWIHighLevelFunctions.o
                               0x7ef4 (size before relaxing)
 .debug_str     0x0000c98b       0x27 Source/OWISWBitFunctions.o
                               0x7605 (size before relaxing)
 .debug_str     0x0000c9b2      0x5ca Source/protocol.o
                               0xb994 (size before relaxing)
 .debug_str     0x0000cf7c      0x122 Source/task_config.o
                               0xabfe (size before relaxing)
 .debug_str     0x0000d09e       0x61 Source/term.o
                               0x83d7 (size before relaxing)

.debug_loc      0x00000000     0xaf67
 *(.debug_loc)
 .debug_loc     0x00000000      0xa5e Source/dhcp_client.o
 .debug_loc     0x00000a5e      0x5ab Source/DHT.o
 .debug_loc     0x00001009      0x4d9 Source/dnslkup.o
 .debug_loc     0x000014e2      0x417 Source/led_display.o
 .debug_loc     0x000018f9       0xb0 Source/main.o
 .debug_loc     0x000019a9      0x6ec Source/enc28j60.o
 .debug_loc     0x00002095     0x2cb3 Source/ip_arp_udp_tcp.o
 .debug_loc     0x00004d48      0x3d0 Source/OWIcrc.o
 .debug_loc     0x00005118      0x94d Source/OWIHighLevelFunctions.o
 .debug_loc     0x00005a65      0x424 Source/OWISWBitFunctions.o
 .debug_loc     0x00005e89     0x4763 Source/protocol.o
 .debug_loc     0x0000a5ec      0x105 Source/task_config.o
 .debug_loc     0x0000a6f1      0x876 Source/term.o

.debug_macinfo
 *(.debug_macinfo)

.debug_weaknames
 *(.debug_weaknames)

.debug_funcnames
 *(.debug_funcnames)

.debug_typenames
 *(.debug_typenames)

.debug_varnames
 *(.debug_varnames)

.debug_pubtypes
 *(.debug_pubtypes)

.debug_ranges   0x00000000      0x5e0
 *(.debug_ranges)
 .debug_ranges  0x00000000       0x70 Source/dhcp_client.o
 .debug_ranges  0x00000070       0x28 Source/DHT.o
 .debug_ranges  0x00000098       0x38 Source/dnslkup.o
 .debug_ranges  0x000000d0       0x38 Source/led_display.o
 .debug_ranges  0x00000108       0x10 Source/main.o
 .debug_ranges  0x00000118       0xb0 Source/enc28j60.o
 .debug_ranges  0x000001c8      0x168 Source/ip_arp_udp_tcp.o
 .debug_ranges  0x00000330       0x28 Source/OWIcrc.o
 .debug_ranges  0x00000358       0x48 Source/OWIHighLevelFunctions.o
 .debug_ranges  0x000003a0       0x30 Source/OWISWBitFunctions.o
 .debug_ranges  0x000003d0      0x198 Source/protocol.o
 .debug_ranges  0x00000568       0x30 Source/task_config.o
 .debug_ranges  0x00000598       0x48 Source/term.o

.debug_macro    0x00000000     0x5798
 *(.debug_macro)
 .debug_macro   0x00000000      0x11c Source/dhcp_client.o
 .debug_macro   0x0000011c      0xa60 Source/dhcp_client.o
 .debug_macro   0x00000b7c       0x10 Source/dhcp_client.o
 .debug_macro   0x00000b8c      0x1c9 Source/dhcp_client.o
 .debug_macro   0x00000d55      0x2fc Source/dhcp_client.o
 .debug_macro   0x00001051       0x9e Source/dhcp_client.o
 .debug_macro   0x000010ef     0x1410 Source/dhcp_client.o
 .debug_macro   0x000024ff      0x13a Source/dhcp_client.o
 .debug_macro   0x00002639       0xbd Source/dhcp_client.o
 .debug_macro   0x000026f6       0x34 Source/dhcp_client.o
 .debug_macro   0x0000272a       0x18 Source/dhcp_client.o
 .debug_macro   0x00002742       0x6c Source/dhcp_client.o
 .debug_macro   0x000027ae       0x10 Source/dhcp_client.o
 .debug_macro   0x000027be       0x89 Source/dhcp_client.o
 .debug_macro   0x00002847       0xee Source/dhcp_client.o
 .debug_macro   0x00002935       0x16 Source/dhcp_client.o
 .debug_macro   0x0000294b       0x20 Source/dhcp_client.o
 .debug_macro   0x0000296b       0x1c Source/dhcp_client.o
 .debug_macro   0x00002987       0x97 Source/dhcp_client.o
 .debug_macro   0x00002a1e       0x5a Source/dhcp_client.o
 .debug_macro   0x00002a78      0x1da Source/dhcp_client.o
 .debug_macro   0x00002c52       0x52 Source/dhcp_client.o
 .debug_macro   0x00002ca4      0x4f6 Source/dhcp_client.o
 .debug_macro   0x0000319a      0x127 Source/DHT.o
 .debug_macro   0x000032c1       0x10 Source/DHT.o
 .debug_macro   0x000032d1      0x166 Source/DHT.o
 .debug_macro   0x00003437       0xaa Source/DHT.o
 .debug_macro   0x000034e1       0x69 Source/DHT.o
 .debug_macro   0x0000354a       0x22 Source/DHT.o
 .debug_macro   0x0000356c       0x40 Source/DHT.o
 .debug_macro   0x000035ac       0x40 Source/DHT.o
 .debug_macro   0x000035ec       0x8e Source/DHT.o
 .debug_macro   0x0000367a       0x16 Source/DHT.o
 .debug_macro   0x00003690       0x97 Source/DHT.o
 .debug_macro   0x00003727       0x10 Source/DHT.o
 .debug_macro   0x00003737       0x52 Source/DHT.o
 .debug_macro   0x00003789       0x9a Source/DHT.o
 .debug_macro   0x00003823       0x46 Source/DHT.o
 .debug_macro   0x00003869       0x10 Source/DHT.o
 .debug_macro   0x00003879      0x111 Source/dnslkup.o
 .debug_macro   0x0000398a      0x19a Source/led_display.o
 .debug_macro   0x00003b24      0x10e Source/led_display.o
 .debug_macro   0x00003c32       0x66 Source/led_display.o
 .debug_macro   0x00003c98       0x58 Source/led_display.o
 .debug_macro   0x00003cf0       0x10 Source/led_display.o
 .debug_macro   0x00003d00       0xf2 Source/led_display.o
 .debug_macro   0x00003df2       0x82 Source/led_display.o
 .debug_macro   0x00003e74      0x160 Source/led_display.o
 .debug_macro   0x00003fd4      0x1f5 Source/main.o
 .debug_macro   0x000041c9       0x49 Source/main.o
 .debug_macro   0x00004212      0x16d Source/main.o
 .debug_macro   0x0000437f       0x39 Source/main.o
 .debug_macro   0x000043b8       0x68 Source/main.o
 .debug_macro   0x00004420       0x35 Source/main.o
 .debug_macro   0x00004455       0x60 Source/main.o
 .debug_macro   0x000044b5       0xe2 Source/main.o
 .debug_macro   0x00004597      0x4fc Source/main.o
 .debug_macro   0x00004a93       0x28 Source/main.o
 .debug_macro   0x00004abb       0x58 Source/main.o
 .debug_macro   0x00004b13       0x6a Source/main.o
 .debug_macro   0x00004b7d       0x89 Source/main.o
 .debug_macro   0x00004c06       0xd9 Source/enc28j60.o
 .debug_macro   0x00004cdf      0x140 Source/ip_arp_udp_tcp.o
 .debug_macro   0x00004e1f       0xd3 Source/OWIcrc.o
 .debug_macro   0x00004ef2       0x16 Source/OWIcrc.o
 .debug_macro   0x00004f08      0x12c Source/OWIHighLevelFunctions.o
 .debug_macro   0x00005034       0x46 Source/OWIHighLevelFunctions.o
 .debug_macro   0x0000507a       0x10 Source/OWIHighLevelFunctions.o
 .debug_macro   0x0000508a       0xeb Source/OWISWBitFunctions.o
 .debug_macro   0x00005175      0x20b Source/protocol.o
 .debug_macro   0x00005380       0xf6 Source/protocol.o
 .debug_macro   0x00005476       0x10 Source/protocol.o
 .debug_macro   0x00005486      0x1c5 Source/task_config.o
 .debug_macro   0x0000564b      0x14d Source/term.o
OUTPUT(WebMeteoBox-mini.elf elf32-avr)
LOAD linker stubs
